VERS_1.0 {
	global:
		_Z11raise_errorP9lua_StatePKc;
		_Z14absolute_indexP9lua_Statei;
		luaA_pushobject;
		luaC_barrierback;
		luaC_barrierf;
		luaC_callGCTM;
		luaC_freeall;
		luaC_fullgc;
		luaC_link;
		luaC_linkupval;
		luaC_separateudata;
		luaC_step;
		luaD_call;
		luaD_callhook;
		luaD_growstack;
		luaD_pcall;
		luaD_poscall;
		luaD_precall;
		luaD_protectedparser;
		luaD_rawrunprotected;
		luaD_reallocCI;
		luaD_reallocstack;
		luaD_seterrorobj;
		luaD_throw;
		luaE_freethread;
		luaE_newthread;
		luaF_close;
		luaF_findupval;
		luaF_freeclosure;
		luaF_freeproto;
		luaF_freeupval;
		luaF_getlocalname;
		luaF_newCclosure;
		luaF_newLclosure;
		luaF_newproto;
		luaF_newupval;
		luaG_aritherror;
		luaG_checkcode;
		luaG_checkopenop;
		luaG_concaterror;
		luaG_errormsg;
		luaG_ordererror;
		luaG_runerror;
		luaG_typeerror;
		luaH_free;
		luaH_get;
		luaH_getn;
		luaH_getnum;
		luaH_getstr;
		luaH_new;
		luaH_next;
		luaH_resizearray;
		luaH_set;
		luaH_setnum;
		luaH_setstr;
		luaK_checkstack;
		luaK_codeABC;
		luaK_codeABx;
		luaK_concat;
		luaK_dischargevars;
		luaK_exp2RK;
		luaK_exp2anyreg;
		luaK_exp2nextreg;
		luaK_exp2val;
		luaK_fixline;
		luaK_getlabel;
		luaK_goiftrue;
		luaK_indexed;
		luaK_infix;
		luaK_jump;
		luaK_nil;
		luaK_numberK;
		luaK_patchlist;
		luaK_patchtohere;
		luaK_posfix;
		luaK_prefix;
		luaK_reserveregs;
		luaK_ret;
		luaK_self;
		luaK_setlist;
		luaK_setoneret;
		luaK_setreturns;
		luaK_storevar;
		luaK_stringK;
		luaL_addlstring;
		luaL_addstring;
		luaL_addvalue;
		luaL_argerror;
		luaL_buffinit;
		luaL_callmeta;
		luaL_checkany;
		luaL_checkinteger;
		luaL_checklstring;
		luaL_checknumber;
		luaL_checkoption;
		luaL_checkstack;
		luaL_checktype;
		luaL_checkudata;
		luaL_error;
		luaL_findtable;
		luaL_getmetafield;
		luaL_gsub;
		luaL_loadbuffer;
		luaL_loadfile;
		luaL_loadstring;
		luaL_newmetatable;
		luaL_newstate;
		luaL_openlib;
		luaL_openlibs;
		luaL_optinteger;
		luaL_optlstring;
		luaL_optnumber;
		luaL_prepbuffer;
		luaL_pushresult;
		luaL_ref;
		luaL_register;
		luaL_typerror;
		luaL_unref;
		luaL_where;
		luaM_growaux_;
		luaM_realloc_;
		luaM_toobig;
		luaO_chunkid;
		luaO_fb2int;
		luaO_int2fb;
		luaO_log2;
		luaO_nilobject_;
		luaO_pushfstring;
		luaO_pushvfstring;
		luaO_rawequalObj;
		luaO_str2d;
		luaP_opmodes;
		luaP_opnames;
		luaS_newlstr;
		luaS_newudata;
		luaS_resize;
		luaT_gettm;
		luaT_gettmbyobj;
		luaT_init;
		luaT_typenames;
		luaU_dump;
		luaU_header;
		luaU_undump;
		luaV_concat;
		luaV_equalval;
		luaV_execute;
		luaV_gettable;
		luaV_lessthan;
		luaV_settable;
		luaV_tonumber;
		luaV_tostring;
		luaX_init;
		luaX_lexerror;
		luaX_lookahead;
		luaX_newstring;
		luaX_next;
		luaX_setinput;
		luaX_syntaxerror;
		luaX_token2str;
		luaX_tokens;
		luaY_parser;
		luaZ_fill;
		luaZ_init;
		luaZ_lookahead;
		luaZ_openspace;
		luaZ_read;
		lua_atpanic;
		lua_call;
		lua_checkstack;
		lua_close;
		lua_concat;
		lua_cpcall;
		lua_createtable;
		lua_dump;
		lua_equal;
		lua_error;
		lua_gc;
		lua_getallocf;
		lua_getfenv;
		lua_getfield;
		lua_gethook;
		lua_gethookcount;
		lua_gethookmask;
		lua_getinfo;
		lua_getlocal;
		lua_getmetatable;
		lua_getstack;
		lua_gettable;
		lua_gettop;
		lua_getupvalue;
		lua_ident;
		lua_insert;
		lua_iscfunction;
		lua_isnumber;
		lua_isstring;
		lua_isuserdata;
		lua_lessthan;
		lua_load;
		lua_newstate;
		lua_newthread;
		lua_newuserdata;
		lua_next;
		lua_objlen;
		lua_pcall;
		lua_pushboolean;
		lua_pushcclosure;
		lua_pushfstring;
		lua_pushinteger;
		lua_pushlightuserdata;
		lua_pushlstring;
		lua_pushnil;
		lua_pushnumber;
		lua_pushstring;
		lua_pushthread;
		lua_pushvalue;
		lua_pushvfstring;
		lua_rawequal;
		lua_rawget;
		lua_rawgeti;
		lua_rawset;
		lua_rawseti;
		lua_remove;
		lua_replace;
		lua_resume;
		lua_setallocf;
		lua_setfenv;
		lua_setfield;
		lua_sethook;
		lua_setlocal;
		lua_setmetatable;
		lua_settable;
		lua_settop;
		lua_setupvalue;
		lua_status;
		lua_toboolean;
		lua_tocfunction;
		lua_tointeger;
		lua_tolstring;
		lua_tonumber;
		lua_topointer;
		lua_tothread;
		lua_touserdata;
		lua_type;
		lua_typename;
		lua_xmove;
		lua_yield;
		luaopen_base;
		luaopen_debug;
		luaopen_io;
		luaopen_math;
		luaopen_os;
		luaopen_package;
		luaopen_string;
		luaopen_table;
};
